Найдено статей из RSS: 20

→ Проверяю: Grand Theft Auto VI станет самой жестокой и откровенной част
  Возраст статьи: 11 ч.
  ✅ Опубликовано!

→ Проверяю: GTA 6 до релиза: фейковые утечки, ранний доступ и мошенничес
  Skip: уже публиковалось

→ Проверяю: Я искренне беспокоюсь по поводу «GTA VI» - Хабр
  Возраст статьи: 672 ч.
  Skip: слишком старая (>48ч)

→ Проверяю: На что только не пойдешь ради достоверности: разработчики GT
  Skip: уже публиковалось

→ Проверяю: Sony против пиратов — GTA 6, как сообщается, потребует обнов
  Skip: уже публиковалось

→ Проверяю: Глава Warhorse надеется, что Grand Theft Auto VI поднимет це
  Skip: уже публиковалось

→ Проверяю: Rockstar выпустит коллекционное издание GTA VI за $400 без G
  Skip: уже публиковалось

→ Проверяю: GTA 6: Xbox Store ожидает рейтинг Mature 17+, но ESRB его ещ
  Skip: уже публиковалось

→ Проверяю: Rockstar раскрыла новые детали мира GTA VI и показала 12 скр
  Skip: уже публиковалось

→ Проверяю: Rockstar говорит, что в Grand Theft Auto VI фактически «нет 
  Skip: уже публиковалось

→ Проверяю: Президент Rockstar отказался от большого интервью о GTA VI —
  Skip: уже публиковалось

→ Проверяю: Rockstar заявила, что игроки в GTA 6 не исследуют всю карту,
  Skip: уже публиковалось

→ Проверяю: Новая студия сооснователя Rockstar делает комедийную игру в 
  Skip: уже публиковалось

→ Проверяю: Сооснователь Warhorse Studios надеется, что Grand Theft Auto
  Skip: уже публиковалось

→ Проверяю: Побег от собственного наследия: Дэн Хаузер намеренно игнорир
  Skip: уже публиковалось

→ Проверяю: Rockstar: GTA VI сохранит сатиру и сделает мир более безумны
  Skip: уже публиковалось

→ Проверяю: Разработчики ограничат запуск GTA VI на PlayStation 5 — дата
  Skip: уже публиковалось

→ Проверяю: Фанаты GTA VI возмутились: подарки инфлюенсерам оказались ин
  Skip: уже публиковалось

→ Проверяю: Лусия и Джейсон из GTA VI будут уязвимыми и сильными персона
  Skip: уже публиковалось

→ Проверяю: Сооснователь студии-разработчика Kingdom Come: Deliverance в
  Skip: уже публиковалось

=== Итого опубликовано: 1 новостей ===
